22:57:35 **** Build of configuration Debug for project M33 ****
make -j12 all 
arm-none-eabi-gcc "../rt-thread/src/clock.c"
arm-none-eabi-gcc "../rt-thread/src/components.c"
arm-none-eabi-gcc "../rt-thread/src/idle.c"
arm-none-eabi-gcc "../rt-thread/src/ipc.c"
arm-none-eabi-gcc "../rt-thread/src/irq.c"
arm-none-eabi-gcc "../rt-thread/src/kservice.c"
arm-none-eabi-gcc "../rt-thread/src/mem.c"
arm-none-eabi-gcc "../rt-thread/src/memheap.c"
arm-none-eabi-gcc "../rt-thread/src/mempool.c"
arm-none-eabi-gcc "../rt-thread/src/object.c"
arm-none-eabi-gcc "../rt-thread/src/scheduler_up.c"
arm-none-eabi-gcc "../rt-thread/src/thread.c"
arm-none-eabi-gcc "../rt-thread/src/timer.c"
arm-none-eabi-gcc "../rt-thread/libcpu/arm/cortex-m33/context_gcc.S"
arm-none-eabi-gcc "../rt-thread/libcpu/arm/cortex-m33/cpuport.c"
arm-none-eabi-gcc "../rt-thread/libcpu/arm/cortex-m33/syscall_gcc.S"
arm-none-eabi-gcc "../rt-thread/libcpu/arm/cortex-m33/trustzone.c"
arm-none-eabi-gcc "../rt-thread/libcpu/arm/common/div0.c"
arm-none-eabi-gcc "../rt-thread/libcpu/arm/common/showmem.c"
arm-none-eabi-gcc "../rt-thread/components/libc/compilers/newlib/syscalls.c"
arm-none-eabi-gcc "../rt-thread/components/libc/compilers/common/cctype.c"
arm-none-eabi-gcc "../rt-thread/components/libc/compilers/common/cstdlib.c"
arm-none-eabi-gcc "../rt-thread/components/libc/compilers/common/cstring.c"
arm-none-eabi-gcc "../rt-thread/components/libc/compilers/common/ctime.c"
arm-none-eabi-gcc "../rt-thread/components/libc/compilers/common/cunistd.c"
arm-none-eabi-gcc "../rt-thread/components/libc/compilers/common/cwchar.c"
arm-none-eabi-gcc "../rt-thread/components/finsh/cmd.c"
arm-none-eabi-gcc "../rt-thread/components/finsh/msh.c"
arm-none-eabi-gcc "../rt-thread/components/finsh/msh_file.c"
arm-none-eabi-gcc "../rt-thread/components/finsh/msh_parse.c"
arm-none-eabi-gcc "../rt-thread/components/finsh/shell.c"
arm-none-eabi-gcc "../rt-thread/components/drivers/serial/serial.c"
arm-none-eabi-gcc "../rt-thread/components/drivers/misc/pin.c"
arm-none-eabi-gcc "../rt-thread/components/drivers/ipc/completion.c"
arm-none-eabi-gcc "../rt-thread/components/drivers/ipc/dataqueue.c"
arm-none-eabi-gcc "../rt-thread/components/drivers/ipc/pipe.c"
arm-none-eabi-gcc "../rt-thread/components/drivers/ipc/ringblk_buf.c"
arm-none-eabi-gcc "../rt-thread/components/drivers/ipc/ringbuffer.c"
arm-none-eabi-gcc "../rt-thread/components/drivers/ipc/waitqueue.c"
arm-none-eabi-gcc "../rt-thread/components/drivers/ipc/workqueue.c"
arm-none-eabi-gcc "../rt-thread/components/drivers/i2c/i2c-bit-ops.c"
arm-none-eabi-gcc "../rt-thread/components/drivers/i2c/i2c_core.c"
arm-none-eabi-gcc "../rt-thread/components/drivers/i2c/i2c_dev.c"
arm-none-eabi-gcc "../rt-thread/components/drivers/core/device.c"
arm-none-eabi-gcc "../rt-thread/components/dfs/dfs_v1/src/dfs.c"
arm-none-eabi-gcc "../rt-thread/components/dfs/dfs_v1/src/dfs_file.c"
arm-none-eabi-gcc "../rt-thread/components/dfs/dfs_v1/src/dfs_fs.c"
arm-none-eabi-gcc "../rt-thread/components/dfs/dfs_v1/src/dfs_posix.c"
arm-none-eabi-gcc "../rt-thread/components/dfs/dfs_v1/filesystems/elmfat/dfs_elm.c"
arm-none-eabi-gcc "../rt-thread/components/dfs/dfs_v1/filesystems/elmfat/ff.c"
arm-none-eabi-gcc "../rt-thread/components/dfs/dfs_v1/filesystems/elmfat/ffunicode.c"
arm-none-eabi-gcc "../rt-thread/components/dfs/dfs_v1/filesystems/devfs/devfs.c"
arm-none-eabi-gcc "../libs/TARGET_APP_KIT_PSE84_EVAL_EPC2/config/GeneratedSource/cycfg.c"
arm-none-eabi-gcc "../libs/TARGET_APP_KIT_PSE84_EVAL_EPC2/config/GeneratedSource/cycfg_clocks.c"
arm-none-eabi-gcc "../libs/TARGET_APP_KIT_PSE84_EVAL_EPC2/config/GeneratedSource/cycfg_peripheral_clocks.c"
arm-none-eabi-gcc "../libs/TARGET_APP_KIT_PSE84_EVAL_EPC2/config/GeneratedSource/cycfg_peripherals.c"
arm-none-eabi-gcc "../libs/TARGET_APP_KIT_PSE84_EVAL_EPC2/config/GeneratedSource/cycfg_pins.c"
arm-none-eabi-gcc "../libs/TARGET_APP_KIT_PSE84_EVAL_EPC2/config/GeneratedSource/cycfg_protection.c"
arm-none-eabi-gcc "../libs/TARGET_APP_KIT_PSE84_EVAL_EPC2/config/GeneratedSource/cycfg_qspi_memslot.c"
arm-none-eabi-gcc "../libs/TARGET_APP_KIT_PSE84_EVAL_EPC2/config/GeneratedSource/cycfg_system.c"
arm-none-eabi-gcc "../libs/TARGET_APP_KIT_PSE84_EVAL_EPC2/COMPONENT_CM33/COMPONENT_NON_SECURE_DEVICE/ns_start_pse84.c"
arm-none-eabi-gcc "../libs/TARGET_APP_KIT_PSE84_EVAL_EPC2/COMPONENT_CM33/COMPONENT_NON_SECURE_DEVICE/ns_system_pse84.c"
arm-none-eabi-gcc "../libs/TARGET_APP_KIT_PSE84_EVAL_EPC2/cybsp.c"
arm-none-eabi-gcc "../libs/TARGET_APP_KIT_PSE84_EVAL_EPC2/system_edge.c"
arm-none-eabi-gcc "../libraries/components/mtb-srf/mtb_srf.c"
arm-none-eabi-gcc "../libraries/components/mtb-srf/mtb_srf_ipc.c"
arm-none-eabi-gcc "../libraries/components/mtb-srf/mtb_srf_pool.c"
arm-none-eabi-gcc "../libraries/components/mtb-ipc/source/mtb_ipc.c"
arm-none-eabi-gcc "../libraries/components/mtb-device-support-pse8xxgp/pdl/drivers/source/TOOLCHAIN_GCC_ARM/cy_syslib_ext.S"
arm-none-eabi-gcc "../libraries/components/mtb-device-support-pse8xxgp/pdl/drivers/source/cy_axidmac.c"
arm-none-eabi-gcc "../libraries/components/mtb-device-support-pse8xxgp/pdl/drivers/source/cy_dma.c"
arm-none-eabi-gcc "../libraries/components/mtb-device-support-pse8xxgp/pdl/drivers/source/cy_gpio.c"
arm-none-eabi-gcc "../libraries/components/mtb-device-support-pse8xxgp/pdl/drivers/source/cy_ipc_drv.c"
arm-none-eabi-gcc "../libraries/components/mtb-device-support-pse8xxgp/pdl/drivers/source/cy_ipc_pipe.c"
arm-none-eabi-gcc "../libraries/components/mtb-device-support-pse8xxgp/pdl/drivers/source/cy_ipc_sema.c"
arm-none-eabi-gcc "../libraries/components/mtb-device-support-pse8xxgp/pdl/drivers/source/cy_scb_common.c"
arm-none-eabi-gcc "../libraries/components/mtb-device-support-pse8xxgp/pdl/drivers/source/cy_scb_i2c.c"
arm-none-eabi-gcc "../libraries/components/mtb-device-support-pse8xxgp/pdl/drivers/source/cy_scb_uart.c"
arm-none-eabi-gcc "../libraries/components/mtb-device-support-pse8xxgp/pdl/drivers/source/cy_sysclk_v2.c"
arm-none-eabi-gcc "../libraries/components/mtb-device-support-pse8xxgp/pdl/drivers/source/cy_sysint_v2.c"
arm-none-eabi-gcc "../libraries/components/mtb-device-support-pse8xxgp/pdl/drivers/source/cy_syslib.c"
arm-none-eabi-gcc "../libraries/components/mtb-device-support-pse8xxgp/pdl/drivers/source/cy_syspm_pdcm.c"
arm-none-eabi-gcc "../libraries/components/mtb-device-support-pse8xxgp/pdl/drivers/source/cy_syspm_ppu.c"
arm-none-eabi-gcc "../libraries/components/mtb-device-support-pse8xxgp/pdl/drivers/source/cy_syspm_v4.c"
arm-none-eabi-gcc "../libraries/components/mtb-device-support-pse8xxgp/pdl/drivers/source/cy_systick_v2.c"
arm-none-eabi-gcc "../libraries/components/mtb-device-support-pse8xxgp/pdl/drivers/source/ppu_v1.c"
arm-none-eabi-gcc "../libraries/components/mtb-device-support-pse8xxgp/pdl/devices/source/cy_device.c"
arm-none-eabi-gcc "../libraries/components/mtb-device-support-pse8xxgp/hal/source/mtb_hal_clock.c"
arm-none-eabi-gcc "../libraries/components/mtb-device-support-pse8xxgp/hal/source/mtb_hal_dma.c"
arm-none-eabi-gcc "../libraries/components/mtb-device-support-pse8xxgp/hal/source/mtb_hal_dma_dmac.c"
arm-none-eabi-gcc "../libraries/components/mtb-device-support-pse8xxgp/hal/source/mtb_hal_dma_dw.c"
arm-none-eabi-gcc "../libraries/components/mtb-device-support-pse8xxgp/hal/source/mtb_hal_gpio.c"
arm-none-eabi-gcc "../libraries/components/mtb-device-support-pse8xxgp/hal/source/mtb_hal_i2c.c"
arm-none-eabi-gcc "../libraries/components/mtb-device-support-pse8xxgp/hal/source/mtb_hal_lptimer.c"
arm-none-eabi-gcc "../libraries/components/mtb-device-support-pse8xxgp/hal/source/mtb_hal_syspm.c"
arm-none-eabi-gcc "../libraries/components/mtb-device-support-pse8xxgp/hal/source/mtb_hal_system.c"
arm-none-eabi-gcc "../libraries/components/mtb-device-support-pse8xxgp/hal/source/mtb_hal_uart.c"
arm-none-eabi-gcc "../libraries/components/mtb-device-support-pse8xxgp/hal/source/mtb_hal_utils_impl.c"
arm-none-eabi-gcc "../libraries/components/mtb-device-support-pse8xxgp/device-utils/syspm/source/mtb_syspm_callbacks_scb_uart.c"
arm-none-eabi-gcc "../libraries/components/async-transfer/source/mtb_async_transfer.c"
arm-none-eabi-gcc "../libraries/components/Infineon_retarget-io-latest/cy_retarget_io.c"
arm-none-eabi-gcc "../libraries/HAL_Drivers/drv_common.c"
arm-none-eabi-gcc "../libraries/HAL_Drivers/drv_gpio.c"
arm-none-eabi-gcc "../libraries/HAL_Drivers/drv_i2c.c"
arm-none-eabi-gcc "../libraries/HAL_Drivers/drv_ipc.c"
arm-none-eabi-gcc "../libraries/HAL_Drivers/drv_uart.c"
arm-none-eabi-gcc "../board/board.c"
arm-none-eabi-gcc "../applications/imu_app.c"
arm-none-eabi-gcc "../applications/main.c"
linking...
D:/RtThread/RT-ThreadStudio/repo/Extract/ToolChain_Support_Packages/ARM/GNU_Tools_for_ARM_Embedded_Processors/13.3/bin/../lib/gcc/arm-none-eabi/13.3.1/../../../../arm-none-eabi/bin/ld.exe: warning: rtthread.elf has a LOAD segment with RWX permissions
make --no-print-directory post-build
arm-none-eabi-objcopy -O ihex "rtthread.elf" "rtthread.hex";../tools/edgeprotecttools/bin/edgeprotecttools.exe run-config -i ../config/boot_with_extended_boot.json
: E : INFO  : relocate_proj_cm33_ns: command "hex-relocate" validation succeeded
: E : INFO  : Relocating segment 0x08340400-0x0835C6B0 to 0x60340400-0x6035C6B0
: E : INFO  : Saved file to '../Debug/rtthread.hex'
: E : INFO  : relocate_proj_cm33_ns: command "hex-relocate" succeeded
: E : INFO  : merge: command "merge" validation succeeded
: E : INFO  : merge: command "merge" succeeded
 
arm-none-eabi-objcopy -O ihex "rtthread.elf"  "rtthread.hex"
arm-none-eabi-size --format=berkeley "rtthread.elf"
   text	   data	    bss	    dec	    hex	filename
 113736	   1640	 260317	 375693	  5bb8d	rtthread.elf

              Used Size(B)           Used Size(KB)
Flash:         115376 B              112.67 KB
RAM:           261957 B              255.82 KB
22:58:49 **** Clean-only build of configuration Debug for project M33 ****
make -j12 clean 
rm -rf  ./rt-thread/src/clock.o ./rt-thread/src/components.o ./rt-thread/src/idle.o ./rt-thread/src/ipc.o ./rt-thread/src/irq.o ./rt-thread/src/kservice.o ./rt-thread/src/mem.o ./rt-thread/src/memheap.o ./rt-thread/src/mempool.o ./rt-thread/src/object.o ./rt-thread/src/scheduler_up.o ./rt-thread/src/thread.o ./rt-thread/src/timer.o  ./rt-thread/libcpu/arm/cortex-m33/context_gcc.o ./rt-thread/libcpu/arm/cortex-m33/cpuport.o ./rt-thread/libcpu/arm/cortex-m33/syscall_gcc.o ./rt-thread/libcpu/arm/cortex-m33/trustzone.o  ./rt-thread/libcpu/arm/common/div0.o ./rt-thread/libcpu/arm/common/showmem.o  ./rt-thread/components/libc/compilers/newlib/syscalls.o  ./rt-thread/components/libc/compilers/common/cctype.o ./rt-thread/components/libc/compilers/common/cstdlib.o ./rt-thread/components/libc/compilers/common/cstring.o ./rt-thread/components/libc/compilers/common/ctime.o ./rt-thread/components/libc/compilers/common/cunistd.o ./rt-thread/components/libc/compilers/common/cwchar.o  ./rt-thread/components/finsh/cmd.o ./rt-thread/components/finsh/msh.o ./rt-thread/components/finsh/msh_file.o ./rt-thread/components/finsh/msh_parse.o ./rt-thread/components/finsh/shell.o  ./rt-thread/components/drivers/serial/serial.o  ./rt-thread/components/drivers/misc/pin.o  ./rt-thread/components/drivers/ipc/completion.o ./rt-thread/components/drivers/ipc/dataqueue.o ./rt-thread/components/drivers/ipc/pipe.o ./rt-thread/components/drivers/ipc/ringblk_buf.o ./rt-thread/components/drivers/ipc/ringbuffer.o ./rt-thread/components/drivers/ipc/waitqueue.o ./rt-thread/components/drivers/ipc/workqueue.o  ./rt-thread/components/drivers/i2c/i2c-bit-ops.o ./rt-thread/components/drivers/i2c/i2c_core.o ./rt-thread/components/drivers/i2c/i2c_dev.o  ./rt-thread/components/drivers/core/device.o  ./rt-thread/components/dfs/dfs_v1/src/dfs.o ./rt-thread/components/dfs/dfs_v1/src/dfs_file.o ./rt-thread/components/dfs/dfs_v1/src/dfs_fs.o ./rt-thread/components/dfs/dfs_v1/src/dfs_posix.o  ./rt-thread/components/dfs/dfs_v1/filesystems/elmfat/dfs_elm.o ./rt-thread/components/dfs/dfs_v1/filesystems/elmfat/ff.o ./rt-thread/components/dfs/dfs_v1/filesystems/elmfat/ffunicode.o  ./rt-thread/components/dfs/dfs_v1/filesystems/devfs/devfs.o  ./libs/TARGET_APP_KIT_PSE84_EVAL_EPC2/config/GeneratedSource/cycfg.o ./libs/TARGET_APP_KIT_PSE84_EVAL_EPC2/config/GeneratedSource/cycfg_clocks.o ./libs/TARGET_APP_KIT_PSE84_EVAL_EPC2/config/GeneratedSource/cycfg_peripheral_clocks.o ./libs/TARGET_APP_KIT_PSE84_EVAL_EPC2/config/GeneratedSource/cycfg_peripherals.o ./libs/TARGET_APP_KIT_PSE84_EVAL_EPC2/config/GeneratedSource/cycfg_pins.o ./libs/TARGET_APP_KIT_PSE84_EVAL_EPC2/config/GeneratedSource/cycfg_protection.o ./libs/TARGET_APP_KIT_PSE84_EVAL_EPC2/config/GeneratedSource/cycfg_qspi_memslot.o ./libs/TARGET_APP_KIT_PSE84_EVAL_EPC2/config/GeneratedSource/cycfg_system.o  ./libs/TARGET_APP_KIT_PSE84_EVAL_EPC2/COMPONENT_CM33/COMPONENT_NON_SECURE_DEVICE/ns_start_pse84.o ./libs/TARGET_APP_KIT_PSE84_EVAL_EPC2/COMPONENT_CM33/COMPONENT_NON_SECURE_DEVICE/ns_system_pse84.o  ./libs/TARGET_APP_KIT_PSE84_EVAL_EPC2/cybsp.o ./libs/TARGET_APP_KIT_PSE84_EVAL_EPC2/system_edge.o  ./libraries/components/mtb-srf/mtb_srf.o ./libraries/components/mtb-srf/mtb_srf_ipc.o ./libraries/components/mtb-srf/mtb_srf_pool.o  ./libraries/components/mtb-ipc/source/mtb_ipc.o  ./libraries/components/mtb-device-support-pse8xxgp/pdl/drivers/source/TOOLCHAIN_GCC_ARM/cy_syslib_ext.o  ./libraries/components/mtb-device-support-pse8xxgp/pdl/drivers/source/cy_axidmac.o ./libraries/components/mtb-device-support-pse8xxgp/pdl/drivers/source/cy_dma.o ./libraries/components/mtb-device-support-pse8xxgp/pdl/drivers/source/cy_gpio.o ./libraries/components/mtb-device-support-pse8xxgp/pdl/drivers/source/cy_ipc_drv.o ./libraries/components/mtb-device-support-pse8xxgp/pdl/drivers/source/cy_ipc_pipe.o ./libraries/components/mtb-device-support-pse8xxgp/pdl/drivers/source/cy_ipc_sema.o ./libraries/components/mtb-device-support-pse8xxgp/pdl/drivers/source/cy_scb_common.o ./libraries/components/mtb-device-support-pse8xxgp/pdl/drivers/source/cy_scb_i2c.o ./libraries/components/mtb-device-support-pse8xxgp/pdl/drivers/source/cy_scb_uart.o ./libraries/components/mtb-device-support-pse8xxgp/pdl/drivers/source/cy_sysclk_v2.o ./libraries/components/mtb-device-support-pse8xxgp/pdl/drivers/source/cy_sysint_v2.o ./libraries/components/mtb-device-support-pse8xxgp/pdl/drivers/source/cy_syslib.o ./libraries/components/mtb-device-support-pse8xxgp/pdl/drivers/source/cy_syspm_pdcm.o ./libraries/components/mtb-device-support-pse8xxgp/pdl/drivers/source/cy_syspm_ppu.o ./libraries/components/mtb-device-support-pse8xxgp/pdl/drivers/source/cy_syspm_v4.o ./libraries/components/mtb-device-support-pse8xxgp/pdl/drivers/source/cy_systick_v2.o ./libraries/components/mtb-device-support-pse8xxgp/pdl/drivers/source/ppu_v1.o  ./libraries/components/mtb-device-support-pse8xxgp/pdl/devices/source/cy_device.o  ./libraries/components/mtb-device-support-pse8xxgp/hal/source/mtb_hal_clock.o ./libraries/components/mtb-device-support-pse8xxgp/hal/source/mtb_hal_dma.o ./libraries/components/mtb-device-support-pse8xxgp/hal/source/mtb_hal_dma_dmac.o ./libraries/components/mtb-device-support-pse8xxgp/hal/source/mtb_hal_dma_dw.o ./libraries/components/mtb-device-support-pse8xxgp/hal/source/mtb_hal_gpio.o ./libraries/components/mtb-device-support-pse8xxgp/hal/source/mtb_hal_i2c.o ./libraries/components/mtb-device-support-pse8xxgp/hal/source/mtb_hal_lptimer.o ./libraries/components/mtb-device-support-pse8xxgp/hal/source/mtb_hal_syspm.o ./libraries/components/mtb-device-support-pse8xxgp/hal/source/mtb_hal_system.o ./libraries/components/mtb-device-support-pse8xxgp/hal/source/mtb_hal_uart.o ./libraries/components/mtb-device-support-pse8xxgp/hal/source/mtb_hal_utils_impl.o  ./libraries/components/mtb-device-support-pse8xxgp/device-utils/syspm/source/mtb_syspm_callbacks_scb_uart.o  ./libraries/components/async-transfer/source/mtb_async_transfer.o  ./libraries/components/Infineon_retarget-io-latest/cy_retarget_io.o  ./libraries/HAL_Drivers/drv_common.o ./libraries/HAL_Drivers/drv_gpio.o ./libraries/HAL_Drivers/drv_i2c.o ./libraries/HAL_Drivers/drv_ipc.o ./libraries/HAL_Drivers/drv_uart.o  ./board/board.o  ./applications/imu_app.o ./applications/main.o  rtthread.hex  rtthread.siz  ./rt-thread/libcpu/arm/cortex-m33/context_gcc.d ./rt-thread/libcpu/arm/cortex-m33/syscall_gcc.d  ./libraries/components/mtb-device-support-pse8xxgp/pdl/drivers/source/TOOLCHAIN_GCC_ARM/cy_syslib_ext.d  ./rt-thread/src/clock.d ./rt-thread/src/components.d ./rt-thread/src/idle.d ./rt-thread/src/ipc.d ./rt-thread/src/irq.d ./rt-thread/src/kservice.d ./rt-thread/src/mem.d ./rt-thread/src/memheap.d ./rt-thread/src/mempool.d ./rt-thread/src/object.d ./rt-thread/src/scheduler_up.d ./rt-thread/src/thread.d ./rt-thread/src/timer.d  ./rt-thread/libcpu/arm/cortex-m33/cpuport.d ./rt-thread/libcpu/arm/cortex-m33/trustzone.d  ./rt-thread/libcpu/arm/common/div0.d ./rt-thread/libcpu/arm/common/showmem.d  ./rt-thread/components/libc/compilers/newlib/syscalls.d  ./rt-thread/components/libc/compilers/common/cctype.d ./rt-thread/components/libc/compilers/common/cstdlib.d ./rt-thread/components/libc/compilers/common/cstring.d ./rt-thread/components/libc/compilers/common/ctime.d ./rt-thread/components/libc/compilers/common/cunistd.d ./rt-thread/components/libc/compilers/common/cwchar.d  ./rt-thread/components/finsh/cmd.d ./rt-thread/components/finsh/msh.d ./rt-thread/components/finsh/msh_file.d ./rt-thread/components/finsh/msh_parse.d ./rt-thread/components/finsh/shell.d  ./rt-thread/components/drivers/serial/serial.d  ./rt-thread/components/drivers/misc/pin.d  ./rt-thread/components/drivers/ipc/completion.d ./rt-thread/components/drivers/ipc/dataqueue.d ./rt-thread/components/drivers/ipc/pipe.d ./rt-thread/components/drivers/ipc/ringblk_buf.d ./rt-thread/components/drivers/ipc/ringbuffer.d ./rt-thread/components/drivers/ipc/waitqueue.d ./rt-thread/components/drivers/ipc/workqueue.d  ./rt-thread/components/drivers/i2c/i2c-bit-ops.d ./rt-thread/components/drivers/i2c/i2c_core.d ./rt-thread/components/drivers/i2c/i2c_dev.d  ./rt-thread/components/drivers/core/device.d  ./rt-thread/components/dfs/dfs_v1/src/dfs.d ./rt-thread/components/dfs/dfs_v1/src/dfs_file.d ./rt-thread/components/dfs/dfs_v1/src/dfs_fs.d ./rt-thread/components/dfs/dfs_v1/src/dfs_posix.d  ./rt-thread/components/dfs/dfs_v1/filesystems/elmfat/dfs_elm.d ./rt-thread/components/dfs/dfs_v1/filesystems/elmfat/ff.d ./rt-thread/components/dfs/dfs_v1/filesystems/elmfat/ffunicode.d  ./rt-thread/components/dfs/dfs_v1/filesystems/devfs/devfs.d  ./libs/TARGET_APP_KIT_PSE84_EVAL_EPC2/config/GeneratedSource/cycfg.d ./libs/TARGET_APP_KIT_PSE84_EVAL_EPC2/config/GeneratedSource/cycfg_clocks.d ./libs/TARGET_APP_KIT_PSE84_EVAL_EPC2/config/GeneratedSource/cycfg_peripheral_clocks.d ./libs/TARGET_APP_KIT_PSE84_EVAL_EPC2/config/GeneratedSource/cycfg_peripherals.d ./libs/TARGET_APP_KIT_PSE84_EVAL_EPC2/config/GeneratedSource/cycfg_pins.d ./libs/TARGET_APP_KIT_PSE84_EVAL_EPC2/config/GeneratedSource/cycfg_protection.d ./libs/TARGET_APP_KIT_PSE84_EVAL_EPC2/config/GeneratedSource/cycfg_qspi_memslot.d ./libs/TARGET_APP_KIT_PSE84_EVAL_EPC2/config/GeneratedSource/cycfg_system.d  ./libs/TARGET_APP_KIT_PSE84_EVAL_EPC2/COMPONENT_CM33/COMPONENT_NON_SECURE_DEVICE/ns_start_pse84.d ./libs/TARGET_APP_KIT_PSE84_EVAL_EPC2/COMPONENT_CM33/COMPONENT_NON_SECURE_DEVICE/ns_system_pse84.d  ./libs/TARGET_APP_KIT_PSE84_EVAL_EPC2/cybsp.d ./libs/TARGET_APP_KIT_PSE84_EVAL_EPC2/system_edge.d  ./libraries/components/mtb-srf/mtb_srf.d ./libraries/components/mtb-srf/mtb_srf_ipc.d ./libraries/components/mtb-srf/mtb_srf_pool.d  ./libraries/components/mtb-ipc/source/mtb_ipc.d  ./libraries/components/mtb-device-support-pse8xxgp/pdl/drivers/source/cy_axidmac.d ./libraries/components/mtb-device-support-pse8xxgp/pdl/drivers/source/cy_dma.d ./libraries/components/mtb-device-support-pse8xxgp/pdl/drivers/source/cy_gpio.d ./libraries/components/mtb-device-support-pse8xxgp/pdl/drivers/source/cy_ipc_drv.d ./libraries/components/mtb-device-support-pse8xxgp/pdl/drivers/source/cy_ipc_pipe.d ./libraries/components/mtb-device-support-pse8xxgp/pdl/drivers/source/cy_ipc_sema.d ./libraries/components/mtb-device-support-pse8xxgp/pdl/drivers/source/cy_scb_common.d ./libraries/components/mtb-device-support-pse8xxgp/pdl/drivers/source/cy_scb_i2c.d ./libraries/components/mtb-device-support-pse8xxgp/pdl/drivers/source/cy_scb_uart.d ./libraries/components/mtb-device-support-pse8xxgp/pdl/drivers/source/cy_sysclk_v2.d ./libraries/components/mtb-device-support-pse8xxgp/pdl/drivers/source/cy_sysint_v2.d ./libraries/components/mtb-device-support-pse8xxgp/pdl/drivers/source/cy_syslib.d ./libraries/components/mtb-device-support-pse8xxgp/pdl/drivers/source/cy_syspm_pdcm.d ./libraries/components/mtb-device-support-pse8xxgp/pdl/drivers/source/cy_syspm_ppu.d ./libraries/components/mtb-device-support-pse8xxgp/pdl/drivers/source/cy_syspm_v4.d ./libraries/components/mtb-device-support-pse8xxgp/pdl/drivers/source/cy_systick_v2.d ./libraries/components/mtb-device-support-pse8xxgp/pdl/drivers/source/ppu_v1.d  ./libraries/components/mtb-device-support-pse8xxgp/pdl/devices/source/cy_device.d  ./libraries/components/mtb-device-support-pse8xxgp/hal/source/mtb_hal_clock.d ./libraries/components/mtb-device-support-pse8xxgp/hal/source/mtb_hal_dma.d ./libraries/components/mtb-device-support-pse8xxgp/hal/source/mtb_hal_dma_dmac.d ./libraries/components/mtb-device-support-pse8xxgp/hal/source/mtb_hal_dma_dw.d ./libraries/components/mtb-device-support-pse8xxgp/hal/source/mtb_hal_gpio.d ./libraries/components/mtb-device-support-pse8xxgp/hal/source/mtb_hal_i2c.d ./libraries/components/mtb-device-support-pse8xxgp/hal/source/mtb_hal_lptimer.d ./libraries/components/mtb-device-support-pse8xxgp/hal/source/mtb_hal_syspm.d ./libraries/components/mtb-device-support-pse8xxgp/hal/source/mtb_hal_system.d ./libraries/components/mtb-device-support-pse8xxgp/hal/source/mtb_hal_uart.d ./libraries/components/mtb-device-support-pse8xxgp/hal/source/mtb_hal_utils_impl.d  ./libraries/components/mtb-device-support-pse8xxgp/device-utils/syspm/source/mtb_syspm_callbacks_scb_uart.d  ./libraries/components/async-transfer/source/mtb_async_transfer.d  ./libraries/components/Infineon_retarget-io-latest/cy_retarget_io.d  ./libraries/HAL_Drivers/drv_common.d ./libraries/HAL_Drivers/drv_gpio.d ./libraries/HAL_Drivers/drv_i2c.d ./libraries/HAL_Drivers/drv_ipc.d ./libraries/HAL_Drivers/drv_uart.d  ./board/board.d  ./applications/imu_app.d ./applications/main.d  rtthread.elf
 
