23:56:05 **** Incremental Build of configuration Debug for project M55 ****
make -j12 all 
arm-none-eabi-gcc "../applications/app_dqn_training.c"
arm-none-eabi-gcc "../applications/app_map_loader.c"
arm-none-eabi-gcc "../applications/app_maze_ui.c"
arm-none-eabi-gcc "../applications/app_q_training.c"
arm-none-eabi-gcc "../applications/app_random_baseline.c"
arm-none-eabi-gcc "../applications/module_dqn_agent.c"
arm-none-eabi-gcc "../applications/module_maze_env.c"
arm-none-eabi-gcc "../applications/module_q_agent.c"
arm-none-eabi-g++ @link.temp
D:/RtThread/RT-ThreadStudio/repo/Extract/ToolChain_Support_Packages/ARM/GNU_Tools_for_ARM_Embedded_Processors/13.3/bin/../lib/gcc/arm-none-eabi/13.3.1/../../../../arm-none-eabi/bin/ld.exe: warning: rtthread.elf has a LOAD segment with RWX permissions
arm-none-eabi-objcopy -O ihex "rtthread.elf"  "rtthread.hex"
arm-none-eabi-size --format=berkeley "rtthread.elf"
   text	   data	    bss	    dec	    hex	filename
 534896	   3272	4444760	4982928	 4c0890	rtthread.elf

              Used Size(B)           Used Size(KB)
Flash:         538168 B              525.55 KB
RAM:          4448032 B             4343.78 KB
