12:19:45 **** Incremental Build of configuration Debug for project M33 ****
make -j12 all 
arm-none-eabi-gcc "../applications/app_gesture.c"
linking...
D:/RtThread/RT-ThreadStudio/repo/Extract/ToolChain_Support_Packages/ARM/GNU_Tools_for_ARM_Embedded_Processors/13.3/bin/../lib/gcc/arm-none-eabi/13.3.1/../../../../arm-none-eabi/bin/ld.exe: warning: rtthread.elf has a LOAD segment with RWX permissions
make --no-print-directory post-build
arm-none-eabi-objcopy -O ihex "rtthread.elf" "rtthread.hex";../tools/edgeprotecttools/bin/edgeprotecttools.exe run-config -i ../config/boot_with_extended_boot.json
: E : INFO  : relocate_proj_cm33_ns: command "hex-relocate" validation succeeded
: E : INFO  : Relocating segment 0x08340400-0x0835CB68 to 0x60340400-0x6035CB68
: E : INFO  : Saved file to '../Debug/rtthread.hex'
: E : INFO  : relocate_proj_cm33_ns: command "hex-relocate" succeeded
: E : INFO  : merge: command "merge" validation succeeded
: E : INFO  : merge: command "merge" succeeded
 
arm-none-eabi-size --format=berkeley "rtthread.elf"
   text	   data	    bss	    dec	    hex	filename
 114944	   1640	 260317	 376901	  5c045	rtthread.elf

              Used Size(B)           Used Size(KB)
Flash:         116584 B              113.85 KB
RAM:           261957 B              255.82 KB
