18:01:16 **** Incremental Build of configuration Debug for project M33 ****
make -j12 all 
arm-none-eabi-gcc "../applications/app_maze.c"
linking...
D:/RtThread/RT-ThreadStudio/repo/Extract/ToolChain_Support_Packages/ARM/GNU_Tools_for_ARM_Embedded_Processors/13.3/bin/../lib/gcc/arm-none-eabi/13.3.1/../../../../arm-none-eabi/bin/ld.exe: warning: rtthread.elf has a LOAD segment with RWX permissions
make --no-print-directory post-build
arm-none-eabi-objcopy -O ihex "rtthread.elf" "rtthread.hex";../tools/edgeprotecttools/bin/edgeprotecttools.exe run-config -i ../config/boot_with_extended_boot.json
: E : INFO  : relocate_proj_cm33_ns: command "hex-relocate" validation succeeded
: E : INFO  : Relocating segment 0x08340400-0x0835D46C to 0x60340400-0x6035D46C
: E : INFO  : Saved file to '../Debug/rtthread.hex'
: E : INFO  : relocate_proj_cm33_ns: command "hex-relocate" succeeded
: E : INFO  : merge: command "merge" validation succeeded
: E : INFO  : merge: command "merge" succeeded
 
arm-none-eabi-size --format=berkeley "rtthread.elf"
   text	   data	    bss	    dec	    hex	filename
 117252	   1640	 260321	 379213	  5c94d	rtthread.elf

              Used Size(B)           Used Size(KB)
Flash:         118892 B              116.11 KB
RAM:           261961 B              255.82 KB

18:01:26 Build Finished. 0 errors, 1 warnings. (took 9s.763ms)

